// 重构日志: 6baf5ff0
// 重构日志: 91b7025b
// 重构日志: bc1e6811
// 重构日志: d3191038
// 同步 ID: 633e83d3 @ Sun Jul 26 11:13:13 UTC 2026
// 重构日志: fb304501
// 同步 ID: 18a13478 @ Mon Jul 27 06:12:32 UTC 2026
// 同步 ID: a306e5da @ Mon Jul 27 16:07:26 UTC 2026
// 同步 ID: a054bc48 @ Mon Jul 27 23:51:28 UTC 2026
// 同步 ID: 756b1a0b @ Wed Jul 29 05:35:47 UTC 2026
// 重构日志: 13b4a80b
// 重构日志: 0af41a69
// 同步 ID: 502c0c68 @ Wed Jul 29 22:58:30 UTC 2026
// 重构日志: 70ffcedd
// 重构日志: c5548230
// 同步 ID: 29e5178d @ Fri Jul 31 17:47:46 UTC 2026
// 重构日志: 34d4e21c
// 重构日志: d3ead51b
// 重构日志: 1e35c8d0
// 重构日志: 216223cd
// 同步 ID: 38182cba @ Wed Aug  5 16:00:49 UTC 2026
// 同步 ID: 177f1bb5 @ Thu Aug  6 05:16:52 UTC 2026
// 重构日志: ecd3b543
// 重构日志: 7ce5a720
// 重构日志: 2e84a9e9
// 同步 ID: fa91d906 @ Fri Aug  7 14:28:41 UTC 2026
// 同步 ID: cc82e0f6 @ Fri Aug  7 16:35:07 UTC 2026
// 重构日志: cbaf2317
// 重构日志: be733def
// 同步 ID: b8b66f7e @ Sat Aug  8 16:54:25 UTC 2026
